border_size=1
usage=map

Mm          , Ha^Fda      , Ha^Fda      , Ha^Fda      , Ha^Fda      , Wo          , Mm^Xm       , Mm^Xm       , Ha^Fda      , Md^Xm       , Ha          , Ha^Fda      , Mm^Xm       , Md^Xm       , Md^Xm       , Md^Xm       , Md^Xm       , Md^Xm       , Md^Xm       , Md          , Md^Xm       , Md          , Md^Xm       , Md^Xm       , Md^Xm       , Md^Xm       , Md^Xm       , Md^Xm       , Md^Xm       , Md^Xm       , Md^Xm       , Ms          , Ha          , Ms          
Mm          , Mm^Xm       , Mm^Xm       , Ha          , Ha          , Wo          , Mm          , Mm          , Ha          , Mm^Xm       , Ha          , Ha          , Mm^Xm       , Mm^Xm       , Mm^Xm       , Md^Xm       , Md^Xm       , Md^Xm       , Md^Xm       , Md          , Md^Xm       , Md          , Md^Xm       , Md^Xm       , Md^Xm       , Md^Xm       , Md^Xm       , Md^Xm       , Md^Xm       , Md^Xm       , Md^Xm       , Ha          , Ha          , Ha^Fda      
Rd          , Mm^Xm       , Mm          , Mm^Xm       , Mm^Xm       , Wo          , Ha          , Ha          , Mm          , Ha          , Ha          , Ha^Vhha     , Rd          , Rd          , Rd          , Md^Xm       , Md          , Md          , Md          , Md^Xm       , Md          , Md^Xm       , Md          , Md          , Md          , Md^Xm       , Md          , Md          , Md          , Md          , Md          , Md^Xm       , Hd          , Ha^Fda      
Md^Xm       , Rd          , 1 Rd        , Mm          , Mm          , Wo          , Rd          , Mm          , Mm          , Mm          , Rd          , Rd          , Mm          , Mm          , Md^Xm       , Rd          , Rd          , Md          , Md          , Md          , Md          , Md          , Md          , Md          , Md          , Md          , Md          , Md          , Rd          , Md          , Rd          , Rd          , Rd          , Ww          
Md^Xm       , Mm          , Mm          , Rd          , Rd          , Wo          , Wo^Bw/      , Rd          , Rd          , Rd          , Mm          , Mm          , Mm^Xm       , Md^Xm       , Mm^Xm       , Md          , Md          , Rd          , Rd          , Md          , Md          , Md          , Md          , Md          , Rd          , Rd          , Rd          , Rd          , Md^Xm       , Rd          , Md^Xm       , Md^Xm       , Rd          , Rd          
Mm^Xm       , Md^Xm       , Mm^Xm       , Mm          , Mm          , 3 Rd        , Rd          , Wo          , Mm^Xm       , Mm^Xm       , Mm^Xm       , Mm^Xm       , Mm^Xm       , Mm^Xm       , Mm          , Mm^Xm       , Mm^Xm       , Md          , Md          , Rd          , Rd          , Md          , Rd          , Rd          , Md^Xm       , Md^Xm       , Md^Xm       , Md^Xm       , Mm^Xm       , Md^Xm       , Md^Xm       , Rd          , Mm^Vhh      , Hh          
Md^Xm       , Mm^Xm       , Mm^Xm       , Mm          , Mm^Xm       , Mm^Xm       , Mm^Xm       , Wo          , Wo          , Hh          , Hh          , Hh          , Hh          , Hh          , Hh          , Mm          , Mm^Xm       , Mm^Xm       , Mm^Xm       , Md          , Md^Xm       , Rd          , Md^Xm       , Md^Xm       , Xu          , Xu          , Xu          , Mm^Xm       , Md^Xm       , Md^Xm       , Md^Xm       , Rd          , Hh          , Hh          
Md^Xm       , Md^Xm       , Md^Xm       , Md^Xm       , Md^Xm       , Mm          , Md          , Mm^Xm       , Md          , Wo          , Wo          , Wo          , Wo^Bw/      , Gs          , Rd          , Re^Gvs      , Md^Xm       , Md^Xm       , Md^Xm       , Md^Xm       , Md^Xm       , Md^Xm       , Xu          , Xu          , 2 Kud       , Cud         , Cud         , Xu          , Xu          , Qxu         , Md          , Rd          , Mm          , Ms          
Md^Xm       , Md          , Rd          , Rd          , Rd          , Md          , Md          , Md          , Md          , Md          , Rd          , Rd          , Mm^Xm       , Wo          , Mm^Xm       , Rd          , Rd          , Md^Xm       , Rd          , Md^Xm       , Rd          , Xu          , Qxu         , Uu^Uf       , Ur          , Cud         , Uu^Vud      , Ur          , Qxu^Bs\     , Qxu         , Rd          , Rd          , Mm          , Mm          
Md^Xm       , Md          , Rd          , Md          , Md          , Rd          , Md^Xm       , Rd          , Md^Xm       , Rd          , Md^Xm       , Md          , Mm^Xm       , Wo          , Mm^Xm       , Md^Xm       , Md^Xm       , Rd          , Md^Xm       , Rd          , Md          , Rd          , Rd          , Qxu^Bs/     , Qxu         , Uh^Dr       , Qxu         , Qxu         , Md^Xm       , Rd          , Md          , Mm          , Mm^Xm       , Mm          
Md^Xm       , Md          , Rd          , Md          , Md          , Md^Xm       , Md          , Md          , Md          , Md^Xm       , Md          , Md^Xm       , Mm^Xm       , Wo          , Mm^Xm       , Md^Xm       , Md^Xm       , Md^Xm       , Md          , Md          , Md          , Md          , Hd          , Rd          , Qxu^Bs\     , Qxu         , Qxu^Bs/     , Hd          , Hd          , Md^Xm       , Md^Xm       , Md^Xm       , Md^Xm       , Mm^Xm       
Hh          , Md^Xm       , Mm          , Rd          , Rd          , Md          , Md          , Md^Xm       , Md^Xm       , Md^Xm       , Md^Xm       , Md^Xm       , Rd          , Wo          , Mm^Xm       , Hh          , Md          , Md^Xm       , Md^Xm       , Md^Xm       , Md^Xm       , Md^Xm       , Md^Xm       , Md^Xm       , Md^Xm       , Hd          , Md^Xm       , Md^Xm       , Mm          , Md^Xm       , Md^Xm       , Md          , Md          , Md^Xm       
Hh          , Hh          , Hh          , Mm          , Mm          , Rd          , Rd          , Mm          , Rd          , Md          , Rd          , Rd          , Rd          , Wo^Bw\      , Rd          , Rd          , Rd          , Md          , Md          , Md^Xm       , Md          , Md^Xm       , Hd          , Md^Xm       , Md^Xm       , Md^Xm       , Mm          , Ms          , Md^Xm       , Md^Xm       , Ds          , Ds          , Dd^Vdt      , Md          
Re^Gvs      , Re^Gvs      , Re^Gvs      , Hh          , Hh          , Mm          , Hh          , Rd          , Re^Gvs      , Rd          , Hh          , Rd          , Wo          , Wo          , Hh^Fmw      , Rd          , Md^Xm       , Rd          , Rd          , Hd          , Hd          , Hd          , Dd          , Hd          , Rd          , Md^Xm       , Rd          , Md^Xm       , Hd          , Ds          , Md          , Ds          , Md          , Md          
Gs          , Re^Gvs      , Hh          , Gs^Vht      , Gs          , Hh          , Gs          , Re^Gvs      , Re^Gvs      , Re^Gvs      , Wo          , Wo          , Hh^Fds      , Hh^Fmw      , Hh          , Hh          , Md^Xm       , Md          , Md          , Rd          , Rd          , Rd          , Hd          , Rd          , Mm          , Rd          , Md^Xm       , Hd          , Md^Xm       , Md^Xm       , Ds          , Ds          , Md          , Md          
Hh          , Hh          , Hh          , Hh          , Hh          , Gs          , Wo          , Wo          , Wo          , Wo          , Hh          , Hh^Fp       , Hh^Fp       , Hh^Fmw      , Hh          , Hh          , Mm^Xm       , Md          , Md          , Md          , Mm^Xm       , Hd          , Md^Xm       , Md^Xm       , Md^Xm       , Md^Xm       , Md          , Md^Xm       , Md          , Md          , Ds          , Md          , Md          , Md          
Hh          , Hh          , Hh          , Hh          , Wo          , Wo          , Re^Gvs      , Hh          , Hh          , Ww          , Ww          , Hh^Fms      , Hh          , Hh          , Hh^Fmw      , Hh          , Mm^Xm       , Mm^Xm       , Md^Xm       , Md^Xm       , Md^Xm       , Md^Xm       , Md          , Md          , Md          , Md          , Md          , Md          , Ds          , Ds          , Md          , Md          , Md          , Md          
Hh          , Hh          , Wo          , Wo          , Gs^Vht      , Re^Gvs      , Re^Gvs      , Re^Gvs      , Re^Gvs      , Hh          , Ss          , Hh          , Hh          , Hh^Fmw      , Hh          , Hh          , Mm^Xm       , Md^Xm       , Md^Xm       , Md^Xm       , Md          , Md          , Md          , Md          , Md          , Md          , Ds          , Ds          , Md          , Md          , Md          , Md          , Md          , Md          
Hh^Fds      , Hh          , Wo          , Hh          , Hh          , Gs          , Gs          , Re^Gvs      , Hh          , Hh          , Hh^Fds      , Hh^Fms      , Hh          , Hh          , Mm          , Mm          , Md          , Md^Xm       , Md          , Md          , Md          , Md          , Md          , Md          , Md          , Ds          , Md          , Md          , Md          , Md          , Md          , Md          , Md          , Md          
Hh^Fds      , Hh          , Wo          , Hh          , Hh          , Gs          , Gs          , Re^Gvs      , Hh^Fms      , Hh^Fms      , Hh^Fp       , Hh          , Hh^Fmf      , Hh          , Mm^Xm       , Mm^Xm       , Md^Xm       , Md          , Md          , Md          , Md          , Md          , Md          , Md          , Md          , Ds          , Md          , Md          , Md          , Md          , Md          , Md          , Md          , Md          
