border_size=1
usage=map

Wo          , Wo          , Wo          , Wo          , Wo          , Wo          , Wo          , Wo          , Wo          , Wo          , Wo          , Wo          , Wo          , Wo          , Wo          , Wo          , Wo          , Wo          , Wo          , Wo          , Wo          , Wo          , Wo          , Wo          , Wo          , Wo          
Wo          , Wo          , Wo          , Wo          , Wo          , Wo          , Wo          , Wo          , Wo          , Wo          , Wo          , Wo          , Wo          , Wo          , Wo          , Wo          , Wo          , Wo          , Wo          , Wo          , Wo          , Wo          , Wo          , Wo          , Wo          , Wo          
Ww          , Ww          , Hd          , Ww          , Ww          , Wo          , Wo          , Wo          , Ww          , Ww          , Ww          , Wo          , Ww          , Wo          , Ww          , Wo          , Ww          , Wo          , Wo          , Wo          , Wo          , Wo          , Wo          , Wo          , Wo          , Wo          
Ww          , Ww          , Ds          , Ww          , Ww          , Ww          , Ww          , Ww          , Ww          , Ww          , Ww          , Ww          , Ww^Bw|      , Ww          , Ww          , Ww          , Ww          , Ww          , Wo          , Wo          , Wo          , Wo          , Wo          , Wo          , Wo          , Wo          
Ww          , Ww          , Ds          , Ww          , Ww          , Ww          , Ww          , Ww^Bw|      , Ww          , Ww          , Ww          , Ww          , Ww^Bw|      , Ww          , Ww          , Ww          , Ww^Bw/      , Ww          , Ww          , Wo          , Ww          , Ww          , Wo          , Wo          , Wo          , Wo          
Ds          , Ds          , Re          , Ww          , Ww          , Ww          , Ww          , Ww^Bw|      , Ww          , Ww          , Ww          , Ww          , Rr          , Ww          , Rr          , Ww^Bw/      , Ww          , Ww          , Ww          , Ww          , Ww          , Wo          , Wo          , Wo          , Wo          , Wo          
Re          , Re          , Re          , Re          , Re          , Wwf         , Rp          , Rp          , Rr          , Rr          , Rr          , Rp          , Rp          , Rr          , Rr          , Ww          , Ww          , Ww          , Ww^Bw/      , Ww^Bw/      , Ww          , Wo          , Wo          , Wo          , Ss          , Wo          
Gs          , Re          , Re          , Re          , Re          , Wwf         , Wwf         , Rp          , Rr          , Rr          , Rp^Vhc      , Rp^Vhc      , Rp^Vhc      , Rp          , Rp          , Rr          , Rp          , Rp          , Rr          , Ww          , Ww          , Ww          , Ww          , Ww          , Ss          , Ss          
Rp          , Re          , Re          , Rp          , Ss          , Ss          , Wwf         , Rp          , Rp^Vhc      , Rp^Vhc      , Rp^Vhc      , Rp^Vhc      , Rp^Vhc      , Rp^Vhc      , Rp          , Rp          , Rr          , Rr          , Rr          , Rr          , Rr          , Ww          , Kh          , Ch          , Ch          , Ch          
Gs          , Rp          , Rp          , 1 Rp        , Wwf         , Wwf         , Rp^Vhc      , Rp^Vhc      , Rp^Vhc      , Rp^Vhc      , Rp^Vhc      , Rp^Vhc      , Rp          , Rp          , Ggf         , Gg^Fet      , Ggf         , Rr          , Rr          , Rr          , Rr          , Re          , Re          , Re          , Re          , Ch          
Re          , Gs          , Wwf         , Wwf         , Rp          , Rp^Vhc      , Rp^Vhc      , Rp^Vhc      , Rp^Vhc      , Rp^Vhc      , Rp          , Rp          , Gg^Fet      , Ggf         , Ggf         , Ggf         , Ggf         , Gg^Fet      , Rr          , Rr          , Rr          , Rr          , Rr          , Re          , Re          , Ch          
Re          , Re          , Wwf         , Rp          , Rp          , Rp          , Rp          , Rp^Vhc      , Rp          , Rp          , Rp          , 2 Cv        , Cv          , Kv          , Gg^Fet      , Ggf         , Rp          , Rr          , Rp          , Rr          , Rp          , Rp          , Rp          , Re          , Ch          , Ch          
Rp          , Wwf         , Rp          , Re          , Rp          , Rp          , Rp          , Rp          , Rp          , Rp          , Rp          , Rp          , Rp          , Cv          , Rp          , Rp          , Rp          , Rp          , Rp          , Rp          , Rp          , Rp          , Rr          , Ch          , Ch          , Ch          
Rp^Vhc      , Wwf         , Rp^Vhc      , Rp          , Rp^Vhc      , Rp^Vhc      , Rp^Vhc      , Rp^Vhc      , Rp^Vhc      , Rp^Vhc      , Rp^Vhc      , Rp^Vhc      , Rp^Vhc      , Rp^Vhc      , Rp^Vhc      , Rp^Vhc      , Rp^Vhc      , Rp^Vhc      , Rp^Vhc      , Rp^Vhc      , Rp^Vhc      , Rp^Vhc      , Ch          , Ch          , Ch          , Ch          
