border_size=1
usage=map

Hh^Fmf      , Hh^Fmf      , Gg          , Gg          , Gg          , Gg          , Gg          , Gg          , Ss          , Ss          , Ss          , Ss          , Ss          , Ss          , Ss          , Ss          , Re          , Wo          , Wo          , Re          , Re          , Re^Gvs      , Re^Gvs      , Re^Gvs      , Re^Gvs      , Re^Gvs      , Re^Gvs      , Re^Gvs      , Re^Gvs      , Re^Gvs      , Re^Gvs      , Re^Gvs      , Gs^Fms      , Gs^Fms      , Ww          , Ww          , Gs^Fp       , Gs^Fp       , Gs^Fp       , Gs^Fp       , Gg          , Gs^Fp       , Gs^Fp       , Gs^Fp       , Gs^Fp       , Gs^Fp       
Gg          , Gg^Fet      , Gg          , Gg          , Gg          , Gg          , Gg          , Gg          , Ss          , Ss          , Ss          , Ss          , Ss          , Ss          , Re          , Ss          , Re          , Wwf         , Wwf         , Wo          , Re          , Re^Gvs      , Re^Gvs      , Re^Gvs      , Re^Gvs      , Re^Gvs      , Re^Gvs      , Gs^Fms      , Gs^Fms      , Gs^Fms      , Gs^Fms      , Gs^Fms      , Gg          , Gg          , Ww          , Gg          , Gg          , Gg          , Gg          , Gs^Fp       , Gs^Fp       , Gg          , Gs^Fp       , Ss          , Ss          , Ss          
Gg          , Gg          , Gg          , Gg          , Ce          , Ce          , Ce          , Gg          , Ss          , Ss          , Ss          , Ss          , Ss          , Ss          , Ss          , Re          , Ss          , Re          , Re          , Wo          , Wo          , Ch          , Ch          , Re^Gvs      , Re^Gvs      , Re^Gvs      , Re^Gvs      , Re^Gvs      , Gs^Fms      , Gs^Fms      , Gg^Vh       , Gg          , Gg          , Ww          , Gg          , Gg          , Gg^Vh       , Gg          , Rd          , Gs^Fp       , Gs^Fp       , Gs^Fp       , Ss          , Ss          , Ss          , Ss          
Gg          , Gg          , Gg          , 1 Ke        , Ce          , Ce          , Gg          , Gg          , Gg          , Ss          , Ss          , Ss          , Ss          , Ss          , Ss          , Ss          , Ss          , Ss          , Re          , Ww          , Ww          , Wo          , Ch          , 2 Kh        , Gs^Fds      , Re^Gvs      , Re^Gvs      , Gs^Fms      , Gs^Fms      , Gg          , Gg          , Gg          , Ww          , Ww^Bw\      , Rd          , Gg          , Rd          , Rd          , Gs^Fp       , Rd          , Rd          , Ggf         , Ggf         , Ss          , Ggf         , Ss          
Gg          , Gg          , Ce          , Ce          , Gg          , Gg          , Ss          , Ss          , Gg^Fet      , Ss          , Ss          , Ss          , Ss          , Ss          , Ss          , Ss          , Ss          , Ss          , Ss          , Re          , Rd          , Wo^Bw/      , Wo          , Ch          , Ch          , Gs^Fds      , Gs^Fds      , Gs^Fms      , Gs^Fms      , Gg          , Gg          , Gg          , Ww          , Ggf         , Re          , Rd          , Re          , Gs^Fp       , Re          , Ggf         , Ggf         , Rd          , Rd          , Ggf         , Ss^Vhs      , Ggf         
Gg          , Re          , Re^Vct      , Ce          , Re          , Ss          , Gg          , Ss          , Gg          , Ss          , Ss          , Ss          , Ss          , Ss          , Ss          , Ss          , Ss          , Ss          , Rd          , Rd          , Re          , Ww          , Wo          , Ss          , Ss          , Ss          , Ss          , Gs^Fds      , Gs^Fds      , Gg^Vh       , Gg          , Gg          , Ww          , Re          , Ww          , Ggf         , Re          , Re          , Ww          , Re          , Re          , Ggf         , Ss          , Rd          , Ggf         , Ggf         
Gg          , Ggf         , Ggf         , Re          , Re          , Re          , Re          , Gg^Vh       , Re          , Ss          , Ss          , Ss          , Ss          , Ss          , Ss          , Ss          , Re          , Rd          , Ss          , Ss          , Re          , Ww          , Wo          , Ww          , Ss          , Ss          , Ggf         , Ss          , Ggf         , Gs^Fds      , Gs^Fms      , Gs^Fms      , Ww          , Ww          , Re          , Ww          , Ww          , Ww          , Ww          , Ww          , Ww          , Ss          , Re          , Rd          , Ggf         , Ggf         
Ss          , Ggf         , Ggf         , Re          , Re          , Re          , Re          , Re          , Re          , Re          , Re          , Re          , Re          , Re          , Re          , Re          , Re          , Re          , Ss          , Ss          , Re          , Ww          , Wo          , Ww          , Ww          , Ss^Vhs      , Ss          , Ggf         , Ss          , Gs^Fms      , Ww          , Gs^Fms      , Ww          , Re          , Re          , Re          , Re          , Re          , Re          , Re          , Ww          , Re          , Re          , Rd          , Re          , Re          
Ss          , Ss          , Ss          , Ss          , Ss          , Re          , Re          , Re          , Re          , Re          , Re          , Re          , Re          , Re          , Re          , Re          , Re          , Re          , Re          , Ss          , Re          , Ww          , Wo          , Ww          , Ss          , Ss          , Ww          , Ss          , Ww          , Ww          , Ww          , Ww          , Ss          , Ss          , Ss          , Re          , Ss          , Re          , Ss          , Ss          , Ww          , Ss          , Ss          , Rd          , Ss          , Ggf         
Ss          , Ss          , Ss          , Ss          , Ss          , Ss          , Ss          , Re          , Ss          , Re          , Re          , Re          , Re          , Re          , Re          , Re          , Ss          , Re          , Re          , Re          , Re          , Ww          , Wo          , Ww          , Ss          , Ss          , Ss          , Ww          , Ww          , Ww          , Gs^Fds      , Ss          , Ss          , Ss          , Ss          , Ss          , Ss          , Ss          , Ss          , Ss          , Ss          , Ss          , Ss          , Ss^Bw|      , Ss          , Ss          
Ss          , Ss          , Ss          , Ss          , Ss          , Ss          , Ss          , Re          , Ss          , Ss          , Ss          , Ss          , Ss          , Ss          , Ss          , Ss          , Ss          , Re          , Re          , Re          , Re          , Ww          , Wo          , Ww          , Ww          , Ww          , Ss          , Ggf         , Ggf         , Ss          , Ss          , Ggf         , Gs^Fds      , Ss          , Ss          , Ss          , Ss          , Ss^Vhs      , Ss          , Ss          , Ss          , Ss          , Ss^Bw/      , Gg          , Ds          , Ss          
Ss          , Ss          , Ss          , Ss          , Ss          , Ss          , Ss          , Re          , Re          , Ss          , Ss          , Ss          , Ss          , Ss          , Ss          , Ss          , Ss          , Ss          , Ss          , Ss          , Ss          , Ww          , Wo          , Ww          , Ww          , Ss          , Ss          , Ss          , Ss          , Ss          , Ss          , Gs^Fds      , Gs^Fds      , Ss          , Ss          , Ss          , Ss          , Ss          , Ss          , Ss          , Rd          , Gg          , Ss          , Ss          , Hh^Fms      , Ds          
Ss          , Ss          , Ss          , Ss          , Ss^Vhs      , Ss          , Ss          , Ss          , Re          , Ss          , Ss          , Ss          , Ss          , Ss^Vhs      , Ss          , Ss          , Ww          , Ss          , Ww          , Ss          , Wo          , Wo          , Ww          , Wo          , Wo          , Ww          , Ww          , Ss          , Ss          , Ggf         , Ss          , Ss          , Gs^Fds      , Ss          , Ss          , Ss^Vhs      , Ss          , Ss          , Rd          , Rd          , Gs^Fp       , Gs^Fp       , Ss          , Ss          , Hh^Fms      , Hh^Fms      
Ss          , Ss          , Ss          , Ss          , Ss          , Ss          , Ss          , Ss          , Ss          , Re          , Re          , Ss          , Ss          , Ss          , Ss          , Ss          , Ss          , Ss          , Ss          , Ss          , Ww          , Ss          , Ss          , Re          , Re          , Wo          , Wo          , Ss          , Ss          , Ss          , Ss          , Ss          , Ss          , Gs^Fds      , Ss          , Ss          , Ss          , Ss          , Rd          , Gs^Fp       , Ss          , Ss          , Ss          , Ss          , Hh^Fms      , Hh^Fms      
Ss          , Ss          , Ss          , Ss          , Ss          , Ss          , Ss          , Ss          , Ss          , Ss          , Re          , Re          , Re          , Ss          , Re          , Re          , Ss          , Ss          , Ss          , Ww          , Ss          , Ss          , Ss          , Ss          , Re          , Re          , Ww          , Wo          , Ww          , Ss          , Ss^Vhs      , Ss          , Gs^Fms      , Ggf         , Gs^Fds      , Ss          , Ss          , Ss          , Re          , Gs^Fp       , Ss          , Ss          , Ss          , Ss          , Hh^Fms      , Hh^Fms      
Ss          , Ss          , Ss          , Ss          , Ss          , Ss          , Ss          , Ss          , Re          , Re          , Re          , Re          , Ww          , Re          , Re          , Re          , Re          , Ss          , Ss          , Ss          , Ss          , Ss          , Ss          , Ss          , Ss          , Re          , Ww          , Wo          , Ww          , Ss          , Ss          , Ss          , Gs^Fms      , Gs^Fms      , Gs^Fms      , Ss          , Ss          , Ss          , Ss          , Gs^Fp       , Gs^Fp       , Ss          , Ss          , Hh^Vc       , Hh^Fms      , Hh^Fms      
Ss          , Ss          , Ss          , Ss^Vhs      , Ss          , Ss          , Ss          , Re          , Re          , Re          , Ww          , Ss          , Ww          , Re          , Re          , Re          , Ss          , Ww          , Ss          , Ss          , Ss^Vhs      , Ss          , Ss          , Ss          , Ss          , Re          , Ww          , Wo          , Ww          , Ss          , Ggf         , Ss          , Ss          , Ss          , Gs^Fms      , Gs^Fms      , Ss          , Re          , Ss          , Ss          , Ss          , Gs^Fp       , Gs^Fp       , Ds          , Ds          , Ds          
Ss          , Ss          , Ss          , Ss          , Ss          , Ss          , Ss          , Re          , Ww          , Ww          , Re          , Ww          , Ww          , Ww          , Ww          , Ww          , Ss          , Ss          , Ss          , Ss          , Ss          , Ss          , Ss          , Ss          , Ss          , Re          , Re          , Wo          , Ww          , Ss          , Ss          , Ss          , Ggf         , Ss          , Gs^Fms      , Gs^Fms      , Ss          , Ss          , Re          , Ss          , Ss          , Ss          , Ss          , Gs^Fp       , Ss          , Ss          
Ss          , Ss          , Ss          , Ss          , Ss          , Ss          , Ss          , Re          , Re          , Ww          , Re          , Ch          , Ss          , Ss          , Ch          , Ww          , Ww          , Ss          , Re          , Ss          , Ss          , Ss          , Ss          , Ss          , Ss          , Re          , Re          , Wo          , Wo          , Ww          , Khs         , Chs         , Ggf         , Ss          , Ss          , Gs^Fds      , Ss          , Ss          , Re          , Ss          , Ss          , Ss          , Ss^Vm       , Ss          , Ss          , Ss          
Ss          , Ss          , Ss          , Ss          , Ss          , Ss          , Ss          , Re          , Re          , Ww          , Re          , Ch          , Ch          , 3 Kh        , Re          , Ww          , Ww          , Re          , Re          , Re          , Ss          , Ss          , Ss          , Ss          , Ss          , Ss          , Re          , Wo          , Chw         , Chw         , Ss          , Ss          , Ss          , Ss          , Ss          , Ggf         , Gs^Fds      , Ss          , Re          , Ss          , Ss          , Ss          , Ss          , Ss          , Ds          , Ds          
Ss          , Ss          , Ss          , Ss^Vhs      , Ss          , Ss          , Ss          , Re          , Re          , Ww          , Ww          , Re          , Ww          , Re          , Ww          , Ww          , Ww          , Re          , Re          , Re          , Ss          , Ss          , Ss          , Ss          , Ss          , Ss          , Re          , Wo          , Wo          , Ww          , Ss          , Ggf         , Gs^Fds      , Ggf         , Gs^Fds      , Gs^Fms      , Re          , Re          , Ss          , Ss          , Ss          , Ss          , Ds          , Ds          , Hh^Fms      , Hh^Fms      
Ss          , Ss          , Ss          , Ss          , Ss          , Ss          , Ss          , Re          , Re          , Re          , Re          , Ww          , Re          , Ww          , Re          , Re          , Re          , Re          , Ss          , Ss          , Ss          , Ss          , Ss          , Ss          , Ss          , Ss          , Re          , Ww          , Wo          , Ww          , Ww^Vm       , Ss          , Gs^Fds      , Gs^Fds      , Gs^Fmf      , Ss          , Re          , Ss          , Gs^Fmf      , Ss          , Hh^Fdw      , Ss          , Hh^Fdw      , Hh^Fdw      , Hh^Fms      , Hh^Fms      
Ss          , Ss          , Ss          , Ss          , Ss          , Ss          , Ss          , Ss          , Ss          , Re          , Ss          , Re          , Ss          , Re          , Ss          , Ss          , Ss          , Ss          , Ss          , Ss          , Ss          , Ss          , Ss          , Ss          , Ss          , Ss          , Ss          , Re          , Ww          , Wo          , Ww          , Gs^Fds      , Ss          , Ss          , Ggf         , Gs^Fmf      , Re          , Ss          , Gs^Fmf      , Ss          , Ss          , Hh^Fdw      , Hh^Fms      , Hh^Fdw      , Ds          , Hh^Fms      
Ss          , Ss          , Ss          , Ss          , Ss          , Ss          , Ss          , Ss          , Ss          , Ss          , Ss          , Ss          , Ss          , Ss          , Ss          , Ss          , Ss          , Ss          , Ss          , Ss          , Ss          , Ss          , Ss          , Ss          , Ss          , Ss          , Ss          , Re          , Ww          , Wo          , Ww          , Ss          , Ss          , Ss          , Ss          , Ggf         , Ggf         , Gs^Fmf      , Ss          , Ss^Vm       , Ss          , Ds          , Ss          , Ds          , Ss          , Ss          
Ss          , Ss          , Ss          , Ss          , Ss          , Ss          , Ss^Vhs      , Ss          , Ss          , Ss          , Ss          , Ss          , Ss          , Ss          , Ss          , Ss          , Ss          , Ss          , Ss          , Ss          , Ss          , Ss^Vhs      , Ss          , Ss          , Ss          , Ss          , Ss          , Re          , Re          , Wo          , Wo          , Ww          , Ss          , Ss          , Ss          , Ss          , Ggf         , Ss          , Wo          , Wo          , Wo          , Ss          , Wo          , Ss          , Wo          , Ss          
Ss          , Ss          , Ss          , Ss          , Ss          , Ss          , Ss          , Ss          , Ss          , Ss          , Ss          , Ss          , Ss          , Ss          , Ss          , Ss          , Ss          , Ss          , Ss          , Ss          , Ss          , Ss          , Ss          , Ss          , Ss          , Ss          , Ss          , Ss          , Re          , Ww          , Wo          , Ww          , Ss          , Ww          , Ww          , Ww          , Wo          , Wo^Bw\      , Ds          , Ww          , Ww          , Wo          , Ss          , Wo          , Ss          , Wo          
Ss          , Ss          , Ss          , Ss          , Ss          , Ss          , Ss          , Ss          , Ss          , Ss          , Ss          , Ss          , Ss          , Ss^Vhs      , Ss          , Ss          , Ss          , Ss          , Ss          , Ss          , Ss          , Ss          , Ss          , Ss          , Ss          , Ss          , Ss          , Ss          , Re          , Ww          , 6 Wo        , Wo          , Wo          , Ss          , Wo          , Wo          , Ss          , Ss          , Ds          , Ss          , Ss          , Ww          , Ss          , Ss          , Gs^Fp       , Ss          
Ss          , Ss          , Ss          , Ss          , Ss          , Ss^Vhs      , Ss          , Ss          , Ss          , Ss          , Ss          , Ss          , Ss          , Ss          , Ss          , Ss          , Ss          , Ss          , Ss          , Ss          , Gs^Fdw      , Gs^Fdw      , Ss          , Ss          , Ss^Vm       , Ss          , Ss          , Ss          , Re          , Ww          , Wo          , Ww          , Ss          , Wo          , Ss          , Ww          , Ss          , Ggf         , Ggf         , Ss          , Ss^Vm       , Ss          , Gs^Fp       , Gs^Fp       , Ss          , Gs^Fp       
Ss          , Ss          , Ss          , Ss          , Ss          , Ss          , Ss          , Ss          , Ss          , Ss          , Ss          , Ss          , Ss          , Ss          , Ss          , Ss          , Ss          , Ss          , Ss          , Ss          , Ss          , Ss          , Ss          , Ss          , Ss          , Ss          , Ss          , Re          , Re          , Ww          , Wo          , Ww          , Ss          , Ww          , Ss          , Ss          , Ss          , Ss          , Ggf         , Ss          , Ss          , Ss          , Ss          , Ss          , Ss          , Ss          
Ss          , Ss          , Ss          , Ss          , Ss          , Ss          , Ss          , Ss          , Ss          , Ss          , Ss          , Ss          , Ss          , Ss          , Re          , Ss          , Ss          , Ss          , Ss          , Ss          , Ss          , Ss          , Ss          , Ss          , Ss          , Ss          , Ss          , Re          , Ww          , Ww          , Wo          , Ww          , Ss          , Ss          , Re          , Re          , Re          , Ss          , Ggf         , Ggf         , Ss          , Ss          , Ss          , Ss          , Ss          , Ss          
Ss          , Ss          , Ss          , Ss          , Ss          , Ss          , Ss          , Ss          , Ss^Vm       , Ss          , Ss          , Ss          , Re          , Re          , Re          , Re          , Re          , Ss          , Ss          , Ss          , Ss          , Ss          , Ss          , Ss          , Ss          , Ss          , Re          , Re          , Ww          , Wo          , Ww          , Ww          , Ss          , Re          , Re          , Re          , Re          , Re          , Re          , Ss          , Re          , Ss          , Re          , Re          , Ggf         , Ss          
Re          , Re          , Re          , Re          , Re          , Ss          , Ss          , Ss          , Ss          , Ss          , Re          , Re          , Re          , Re          , Re          , Re          , Re          , Ss          , Ss          , Ss          , Ss          , Ss          , Ss          , Ss          , Ss          , Ss          , Re          , Ww          , Wo          , Wo          , Ww          , Ss          , Ss          , Re          , Re          , Ggf         , Gs^Fp       , Ggf         , Re          , Re          , Re          , Re          , Ggf         , Ggf         , Ggf         , Ggf         
Re          , Re          , Re          , Re          , Re          , Ss          , Ss          , Ss          , Re          , Re          , Re          , Re          , Ww          , Re          , Ww          , Re          , Re          , Re          , Re          , Ss          , Ss          , Ss^Vm       , Ss          , Ss          , Ss          , Ss          , Re          , Ww          , Wo          , Ww          , Ss          , Ss          , Ss          , Re          , Ggf         , Gs^Fp       , Ggf         , Gs^Fp       , Gs^Fp       , Ggf         , Re          , Ggf         , Re          , Re          , Ggf         , Uu          
Re          , Re          , Re          , Re          , Re          , Re          , Re          , Re          , Re          , Re          , Re          , Ww          , Ww          , Ww          , Ww          , Re          , Re          , Re          , Re          , Ss          , Ss          , Ss          , Ss          , Ss          , Ss          , Ss          , Re          , Ww          , Wo          , Ww          , Ss          , Ss          , Ss          , Re          , Re          , Re          , Re          , Ggf         , Ggf         , Ggf         , Re          , Re          , Re          , Re          , Re          , Ggf         
Re          , Re          , Re          , Ww          , Ww          , Re          , Ww          , Re          , Ww          , Ww          , Ww          , Ww          , Chw         , Chw         , Ww          , Re          , Re          , Re          , Re          , Ss          , Ss          , Ss          , Ss          , Ss          , Ss          , Ss          , Re          , Ww          , Wo          , Ww          , Ss          , Ss^Vm       , Ss          , Ss          , Ss          , Re          , Re          , Re          , Ggf         , Re          , Re          , Re          , Ss          , Re          , Ss          , Ss          
Re          , Re          , Re          , Ww          , Ww^Vm       , Ww          , Ww          , Ww          , Ww          , Chw         , Chw         , 4 Khw       , Ww          , Ww          , Ww          , Ww          , Re          , Re          , Ss          , Ss          , Ss          , Ss          , Ss          , Ss          , Ss          , Re          , Ww          , Ww          , Wo          , Ww          , Ss          , Ss          , Ss          , Ss          , Ss          , Ss          , Ggf         , Re          , Ss          , Ss          , Ss          , Ss          , Ss          , Ss          , Ss          , Ss          
Gg          , Re          , Re          , Ww          , Ww          , Ww          , Ww          , Ww          , Ww          , Ww          , Ww          , Ww          , Ww          , Re          , Re          , Re          , Re          , Ss          , Ss          , Ss          , Ss          , Ss^Vm       , Ss          , Ss          , Re          , Re          , Wo          , Wo          , Ww          , Ww          , Ss          , Ss          , Ggf         , Ss          , Ggf         , Ggf         , Ss          , Re          , Ss          , Ss          , Ss^Vm       , Ss          , Ss          , Ss          , Ss^Vm       , Ss          
Re          , Re          , Re          , Ww          , Re          , Re          , Re          , Re          , Re          , Re          , Re          , Ww          , Re          , Re          , Re          , Re          , Ss          , Ss          , Ss          , Ss          , Ss          , Ss          , Ss          , Re          , Re          , Ww          , Wo          , Ww          , Ww          , Ss          , Ss          , Ggf         , Ggf         , Ggf         , Ss          , Ss          , Ss          , Ds          , Ss          , Ss          , Ss          , Ss          , Ss          , Ss          , Ss          , Ss          
Re          , Re          , Re          , Re          , Re          , Re          , Re          , Re          , Re          , Re          , Re          , Re          , Re          , Re          , Ss          , Ss          , Ww          , Ww          , Ww          , Ss          , Ss          , Ss          , Ss          , Re          , Ww          , Ww          , Wo          , Ww          , Ss          , Ss          , Ss          , Ggf         , Ggf         , Ss          , Ss          , Ss          , Gs^Fp       , Ds          , Ss          , Ss          , Ss          , Ss          , Wo          , Ss          , Ss          , Ss          
Re          , Re          , Ss          , Re          , Re          , Re          , Ss          , Re          , Ss          , Re          , Ss          , Re          , Ss          , Ss          , Ss          , Ss          , Ss          , Ss          , Ww          , Ww          , Ww          , Ss          , Ww          , Ww          , Re          , Ww          , Wo          , Ww          , Ss          , Ss          , Ss          , Ss          , Ss          , Ggf         , Gs^Fp       , Gs^Fp       , Gs^Fp       , Ds          , Ss^Bw\      , Ss          , Wo          , Wo          , Ss          , Wo          , Wo          , Ss          
Ss          , Ss          , Ss          , Ss          , Ss          , Ss          , Ss          , Ss          , Ss          , Ss          , Ss          , Ss          , Ss          , Ss          , Ss          , Ss          , Ss^Vm       , Ss          , Ss          , Ss          , Ss          , Ww          , Ss          , Ss          , Re          , Ww          , Wo          , Ww          , Ss          , Ss          , Ss^Vm       , Ss          , Ss          , Gs^Fp       , Ss          , Gs^Fp       , Gs^Fp       , Gs^Fp       , Ss          , Wo^Bw\      , Ss^Bw\      , Ss          , Chs         , Ss          , Xos         , Wo          
Ss          , Ss          , Ss^Vm       , Ss          , Ss          , Ss          , Ss          , Ss          , Ss          , Ss          , Ss          , Ss          , Ss          , Ss          , Ss          , Ss          , Ss          , Ss          , Ss          , Ggf         , Ss          , Ss          , Ss          , Ss          , Re          , Ww          , Wo          , Ww          , Ss          , Ss          , Ss          , Ss          , Ss          , Ss          , Ss          , Gs^Fp       , Gs^Fp       , Gs^Fp       , Ss          , Wo          , Ss          , Chs         , 5 Khs       , Chs         , Ur          , Xos         
Ss          , Ss          , Ss          , Ss          , Ss          , Ss          , Ss          , Ss          , Ss          , Ss          , Ss          , Ss^Vm       , Ss          , Ss          , Ss          , Ss          , Ggf         , Ss          , Ss          , Ss          , Ss          , Ss          , Ss          , Ss          , Re          , Ww          , Wo          , Ww          , Ss          , Ss          , Ss          , Ss          , Ss          , Ss          , Ss          , Ss          , Gs^Fp       , Gs^Fp       , Ww          , Wo          , Wo          , Chw         , Chw         , Chs         , Xos         , Xos         
Ss          , Ss          , Ss          , Ss          , Ds          , Ss          , Ds          , Ss          , Ds          , Ss          , Ss          , Ss          , Ss          , Ss          , Ss          , Ss          , Ss          , Ss          , Ss          , Ss          , Ss^Vm       , Ss          , Ss          , Ss          , Re          , Ww          , Wo          , Ww          , Ww          , Ss          , Ss          , Ss          , Ss          , Ss          , Ss^Vm       , Ss          , Ss          , Ggf         , Wo          , Wo          , Ggf         , Gs^Fp       , Ggf         , Ggf         , Ggf         , Ggf         
Ds          , Ds          , Ds          , Ds          , Ww          , Ds          , Ww          , Ds          , Ww          , Ds          , Ds          , Ds          , Ds          , Ds          , Ds          , Ss          , Ss          , Ss          , Ss          , Ss          , Ss          , Ss          , Ss          , Ss          , Re          , Ww          , Wo          , Ww          , Ww          , Ggf         , Ggf         , Ss          , Ss          , Ss          , Ss          , Ss          , Ss          , Ss          , Wo          , Gs^Fms      , Gs^Fms      , Gs^Fms      , Gs^Fms      , Gs^Fms      , Gs^Fms      , Ggf         
Ds          , Ds          , Ww          , Ww          , Wo          , Ww          , Ww          , Ww          , Wo          , Ww          , Wo          , Ww          , Wo          , Ww          , Ww          , Ds          , Ww          , Ds          , Ds          , Ss          , Ss          , Ss          , Ss          , Ss          , Re          , Ww          , Wo          , Ww          , Re          , Re          , Re          , Ggf         , Ggf         , Ggf         , Ggf         , Ggf         , Re          , Ss          , Wo          , Gs^Fms      , Ww          , Gs^Fms      , Gs^Fp       , Gs^Fms      , Gs^Fms      , Gs^Fms      
Wo          , Ww          , Wo          , Wo          , Wo          , Ww          , Wo          , Wo          , Ww          , Wo          , Ww          , Wo          , Ww          , Wo          , Wo          , Ww          , Ww          , Ww          , Ww          , Ds          , Ds          , Ww          , Re          , Re          , Ww          , Ww          , Wo          , Ww          , Ww          , Ww          , Ww          , Re          , Re          , Re          , Re          , Ss          , Re          , Ww          , Wo          , Ww          , Ww^Vm       , Ww          , Ww          , Gs^Fms      , Gs^Fms      , Gs^Fms      
Wo          , Wo          , Ww          , Ww^Vm       , Ww          , Wo          , Wo          , Ww          , Ds          , Ds          , Ds          , Ds          , Ds          , Ww          , Ww          , Wo          , Ww^Vm       , Ww          , Ww          , Ww          , Ww          , Ww          , Ww          , Ww          , Ww          , Ww          , Wo          , Ww          , Ww          , Ww          , Ww          , Ww          , Ww          , Ww          , Ww          , Ww          , Ww          , Ww          , Wo          , Ww          , Ww          , Ww          , Ww          , Ww          , Ww          , Ww          
Wo          , Ww          , Ww          , Ww          , Ww          , Wo          , Wo          , Ww          , Wo          , Ww          , Wo          , Ww          , Wo          , Ww          , Wo          , Wo          , Wo          , Ww          , Wo          , Wo          , Wo          , Wo          , Wo          , Wo          , Wo          , Wo          , Ss          , Wo          , Wo          , Wo          , Wo          , Wo          , Wo          , Wo          , Wo          , Wo          , Wo          , Wo          , Wo          , Ww          , Ww          , Ww          , Wo          , Ww          , Wo          , Ww          
Wo          , Wo          , Wo          , Wo          , Wo          , Wo          , Wo          , Wo          , Wo          , Wo          , Wo          , Wo          , Wo          , Wo          , Wo          , Wo          , Wo          , Wo          , Wo          , Wo          , Wo          , Wo          , Wo          , Wo          , Wo          , Wo          , Wo          , Wo          , Wo          , Wo          , Wo          , Wo          , Wo          , Wo          , Wo          , Wo          , Wo          , Wo          , Wo          , Wo          , Wo          , Wo          , Wo          , Wo          , Wo          , Wo          
