border_size=1
usage=map

Ww          , Ww          , Wo          , Wo          , Wo          , Wo          , Wo          , Ww          , Gg          , Gs^Fp       , Gs^Fp       , Ss          , Ss          , Ss          , Ss          , Ss          , Gs^Fp       , Gs^Fp       , Gs          , Gs          , Gs          , Gs          , Gs          , Gs          , Gs          , Gs          , Gs          , Gs          , Gs          , Gs          , Gs          , Gs          , Gs          , Gs          , Ww          , Gs          , Hh          , Hh          , Hh          , Gg          , Gg          , Gs^Fp       
Wo          , Wo          , Ds          , Wo          , Wo          , Wo          , Wo          , Ww^Bw\      , Gg^Ve       , Gs^Fp       , Ss          , Ss          , Ss          , Gs^Fp       , Gs^Fp       , Gs^Fp       , Gs^Fp       , Gs^Fp       , Gs^Fp       , Gs          , Gs^Vht      , Gs          , Gs          , Gs          , Gs          , Gs          , Hh^Fmf      , Hh^Fmf      , Gs          , Gs          , Gs          , Gs          , Gs          , Gs          , Ww          , Ww          , Ww          , Hh          , Hh          , Gg^Vh       , Gg          , Gg          
Wo          , Wo          , 3 Khw       , Wo          , Ww^Vm       , Wo          , Wo          , Ww          , Ds          , Ds          , Ds          , Ds          , Gs^Fp       , Gs^Fp       , Gs^Fp       , Gs^Fp       , Gs          , Gs^Fp       , Gs^Fp       , Gs^Fp       , Gs          , Gs          , Gs          , Ss          , Gs          , Gs          , Gs          , Gs          , Gs          , Gs          , Gs          , Gs          , Gs          , Gs          , Gs          , Ww          , Ww          , Ww          , Wwf         , Hh          , Gg          , Gg          
Wo          , Wo          , Wo          , Chw         , Chw         , Wo          , Wo          , Wo          , Ww          , Ww          , Ww          , Ww          , Ds          , Ds          , Gs          , Gs          , Gs          , Gs          , Gs          , Gs          , Gs          , Gs          , Gs          , Gs          , Gs          , Gs^Vht      , Gs          , Gs          , Gs          , Gs          , Gs          , Gs          , Gs          , Gs          , Wo          , Wo          , Wo          , Wwf         , Wwf         , Wwf         , Ww          , Gg          
Ww          , Wo          , Wo          , Wo          , Wo          , Wo          , Wo          , Wo          , Wo          , Wo          , Wo          , Wo          , Wo          , Ds          , Gs^Vht      , Gs          , Gs          , Gs          , Gs          , Gs          , Gs          , Gs          , Gs          , Gs          , Gs          , Gs^Fp       , Gs          , Gs          , Gs          , Gs          , Gs          , Gs          , Gs          , Gs^Fms      , Wo          , Cv          , Wo          , Gs^Fds      , Gs^Fds      , Hh^Fmf      , Ss          , Ww          
Ds          , Ww          , Wo          , Wo          , Wo          , Wo          , Wo          , Wo          , Wo          , Wo          , Wo          , Wo          , Wo          , Ww          , Ds          , Gs          , Gs          , Ss          , Ss          , Gs          , Gs          , Gs          , Gs          , Gs          , Gs^Fp       , Gs          , Gs          , Gs          , Gs          , Gs          , Gs          , Gs          , Gs          , Wo^Bw\      , Cv          , 6 Kv        , Cv          , Wo          , Gs^Fds      , Hh^Fmf      , Ss          , Ss          
Ds          , Ds          , Ww          , Ww          , Wo          , Wo          , Wo          , Wo          , Wo          , Wo          , Wo          , Wo          , Wo          , Ds          , Ds          , Gs          , Gs          , Gs          , Gs          , Gs          , Gs          , Gs          , Gs          , Gs          , Gs^Fp       , Gg          , Gs          , Gs          , Gs          , Gs          , Gs          , Gs^Vht      , Gs          , Wo          , Cv          , Ur          , Cv          , Wo          , Gs^Fds      , Hh^Fmf      , Hh^Fmf      , Ss          
Gg          , Gg^Vc       , Ds          , Gs^Fdw      , Gs^Fdw      , Wo          , Wo          , Wo          , Wo          , Wo          , Wo          , Wo          , Ww          , Ds          , Gs          , Gs          , Gs          , Gs          , Gs          , Gs          , Gs          , Gs          , Gs          , Gs^Fp       , Gg          , Gg          , Gs          , Gs          , Gs          , Gs          , Gs          , Gs          , Gs          , Wo          , Cv          , Ur          , Cv          , Wo          , Gs^Fds      , Hh          , Gg          , Gg          
Gs^Fp       , Gs^Fp       , Gs^Fdw      , Gs^Fdw      , Gs^Fdw      , Gs^Fdw      , Wo          , Wo          , Wo          , Wo          , Wo          , Ww          , Ss          , Ds          , Ss          , Ss          , Gs          , Gs          , Gs          , Gs          , Gs          , Gs          , Gs          , Gs^Fp       , Gs^Fp       , Gs          , Gs          , Gs          , Gs          , Gs          , Gs          , Gs          , Gs          , Wo          , Wo          , Cv          , Wo          , Wo          , Gs^Fds      , Hh          , Gg^Vh       , Gg          
Gs^Fp       , Gs^Fp       , Ch          , Ch          , Ch          , Ch          , Ds          , Wo^Bw/      , Wo          , Wo          , Ww          , Ss          , Ss          , Ds          , Gs          , Gs          , Gs          , Gs          , Gs          , Gs          , Gs          , Gs          , Gs          , Gs^Fp       , Gs^Fp       , Gs          , Gs          , Gs          , Gs          , Gs          , Gs          , Gs          , Gs          , Gs          , Wo          , Wo^Bw|      , Wo          , Gs^Fds      , Gs^Fds      , Hh          , Gg          , Gg          
Gg          , Gg          , Ch          , Ch          , 7 Kh        , Ch          , Ds          , Ww          , Wo          , Ww          , Ds          , Ss          , Ss          , Gs          , Gs          , Gs          , Gs          , Gs          , Gs          , Gg^Vh       , Gs          , Gs          , Gs          , Gs          , Gs          , Gs          , Gs          , Gs          , Gs          , Gs          , Gs          , Gs          , Gs          , Gs          , Gs          , Wo^Bw|      , Gs          , Gs          , Gs          , Hh          , Gg          , Gg          
Gs^Fp       , Gg          , Ch          , Ch          , Ch          , Rd          , Ds          , Ww^Bw/      , Wo          , Ww          , Ds          , Ss          , Ss          , Gs          , Gs          , Gs          , Gs          , Gs          , Gs          , Gs          , Gs          , Gs          , Gs          , Gs          , Gs          , Gs          , Gs^Vht      , Gs          , Gs          , Gs          , Gs          , Gs          , Gs          , Gs          , Gs          , Rd          , Gs          , Gs          , Hh          , Gg          , Gg          , Gg          
Gs^Fp       , Gs^Fp       , Gs^Fp       , Re          , Rd          , Rd          , Ds          , Ww          , Ww          , Wo          , Wo          , Ss          , Gs          , Gs          , Gs          , Gs^Fp       , Gg^Ve       , Gs^Fp       , Gs          , Gs          , Gs^Fp       , Gs          , Gs          , Gs          , Gs          , Gs          , Gs          , Gs          , Gs          , Gs          , Gs          , Gs          , Gs          , Gs          , Gs          , Rd          , Gs          , Ggf         , Hh          , Gg          , Gg          , Gg          
Gs^Fp       , Gs^Fp       , Gs          , Rd          , Rd          , Gs^Fdw      , Gs^Fdw      , Ww          , Ww          , Wwf         , Wwf         , Wwf         , Wwf         , Gs          , Gs^Fp       , Gs^Fp       , Gs^Fp       , Gs^Fp       , Gs          , Gs          , Gs          , Gs          , Gs          , Gs          , Gs          , Ss          , Gs          , Gs          , Gs          , Gs          , Gs          , Gs          , Gs          , Gs          , Gs          , Rd          , Gs          , Ggf         , Hh          , Gg          , Gg          , Gg          
Gs          , Gs          , Gs          , Gs          , Rd          , Gg          , Ds          , Ds          , Ww          , Wwf         , Wwf         , Wwf         , Wo          , Gs          , Ww          , Gs^Fp       , Gs          , Gs          , Gs          , Gs          , Gs          , Gs          , Gs          , Gs          , Gs          , Gs          , Gs          , Gs          , Gs          , Gs          , Gs          , Gs          , Gs          , Gs          , Ch          , Ch          , Ch          , Ch          , Hh          , Gs^Fp       , Gg          , Gg          
Hh          , Gs          , Gs          , Gs          , Rd          , Gg          , Gg^Vc       , Ds          , Ds          , Ds          , Ds          , Ww          , Ww          , Wo^Bw|      , Wo          , Wo          , Wo          , Gs          , Gs          , Gs          , Gg^Vh       , Gs          , Gs          , Gs          , Gs          , Gs          , Gs          , Gs          , Gs          , Gg          , Gs          , Gs          , Gs          , Gs          , Ch          , Ch          , 5 Kh        , Ch          , Gg          , Gs^Fp       , Gs^Fp       , Gs^Fp       
Gs          , Gs          , Gs          , Gs          , Gs          , Re          , Re          , Ds          , Ds          , Ds          , Ds          , Gs          , Gs          , Gs          , Wo          , Wo          , Wo          , Wo          , Ww          , Gs          , Gs          , Gs          , Gs          , Gs          , Gs          , Gs          , Gs^Fp       , Gs^Fp       , Gs^Fp       , Gs^Fp       , Gs^Fp       , Gg^Vh       , Gg          , Gg          , Ch          , Ch          , Ch          , Gg          , Gs^Fp       , Gs^Fp       , Gg          , Gs^Fp       
Gs          , Gs          , Gs          , Gs          , Re^Gvs      , Re^Gvs      , Re^Gvs      , Re          , Re          , Gs          , Gs          , Gs          , Gs          , Gs          , Wo          , Gs^Fp       , Gs          , Ww          , Ss          , Gs          , Gs          , Gs          , Gs          , Gs          , Gs          , Gs          , Gg^Ve       , Gs^Fp       , Gg          , Gg          , Gs^Fp       , Gg          , Gg          , Gg          , Rd          , Re          , Gg          , Gg          , Gs^Fp       , Gs^Fp       , Gs^Fp       , Gs^Fp       
Gs          , Gs          , Gs          , Re^Gvs      , Re^Gvs      , Re^Gvs      , Re^Gvs      , Re^Gvs      , Re          , Gs          , Gs          , Gs          , Gs          , Gs          , Wo          , Gs          , Gs          , Gs          , Gs          , Ss          , Ss          , Gs          , Gs          , Gs          , Gs          , Gs^Fp       , Gs^Fp       , Gg          , Gg          , Gg          , Gs^Fp       , Gg          , Gg          , Rd          , Rd          , Gg          , Gg          , Gg          , Gs^Fp       , Gg^Ve       , Gs^Fp       , Gg          
Gs          , Gs          , Gs          , Gs          , Gs          , Re^Gvs      , Gs          , Gs          , Gs          , Re          , Re          , Gs          , Gs          , Gs          , Wo          , Gs          , Gs          , Gs          , Gs          , Gs          , Ggf         , Gs          , Gs          , Gs          , Gs          , Gs^Fp       , Gg          , Gg          , Gg          , Gg          , Gs^Fp       , Gg          , Gg          , Rd          , Gg          , Gg          , Gg          , Gg          , Gs^Fp       , Gg^Ve       , Gs^Fp       , Gg          
Gs          , Gs          , Gs          , Gs          , Gs          , Gs          , Gs          , Gs          , Gs          , Gs^Vht      , Gs          , Re          , Re          , Wo          , Wo          , Gs^Vht      , Gs          , Gs          , Gs          , Gs          , Gs          , Ggf         , Ggf         , Gs          , Gs          , Gs^Fp       , Gg          , Gg          , Gg          , Gs^Fp       , Gs^Fp       , Gg          , Rd          , Rd          , Gg          , Gg          , Gg          , Gg          , Gs^Fp       , Gs^Fp       , Gg          , Gg          
Gs          , Gs          , Gs          , Gs          , Gs          , Gs          , Gs          , Gs          , Gs          , Gs          , Re^Gvs      , Re^Gvs      , Re^Gvs      , Re          , Wo          , Re          , Re          , Gs          , Gs          , Gs          , Gs          , Gs          , Gs          , Ggf         , Ggf         , Gs^Fp       , Gs^Fp       , Gs^Fp       , Gs^Fp       , Gs^Fp       , Rd          , Rd          , Gg          , Gg^Vh       , Gg          , Gg          , Re          , Re          , Gg          , Gg          , Gg          , Ds          
Gs          , Gs          , Gs          , Gs          , Gs          , Gs          , Gs          , Gs          , Gs          , Gs          , Gs          , Re^Gvs      , Gs          , Gs          , Wo          , Gs          , Gs^Vht      , Re          , Gs          , Gs          , Gs          , Gs          , Gs          , Gs          , Gs^Fp       , Ggf         , Ggf         , Gg          , Gg          , Rd          , Gg          , Re          , Gg          , Gg          , Re          , Re          , Re          , Re          , Re          , Re          , Wwf         , Ww          
Ds          , Gs          , Gs          , Gs          , Gs          , Gs          , Hh^Fmf      , Hh          , Gs          , Gs          , Gs          , Hh          , Wo          , Gs          , Wo          , Gs          , Gs          , Re          , Gs          , Gs          , Gs          , Gs          , Gs          , Gs          , Gs^Fp       , Gs^Fp       , Gg          , Ggf         , Ggf         , Rd          , Re          , Re          , Re          , Re          , Re          , Ww          , Ww          , Ww          , Ww          , Ww          , Ww          , Ggf         
Gs          , Gs          , Gs          , Gs          , Gs          , Hh          , Hh^Fmf      , Hh          , Hh          , Hh          , Hh          , Hh          , Hh          , Wo          , Wo          , Wo          , Gs          , Re          , Gs^Vht      , Gs          , Gs          , Gs          , Gs          , Gs          , Gs^Fp       , Gs^Fp       , Gs^Fp       , Gg          , Ggf         , Rd          , Gg          , Gg          , Re          , Re          , Re          , Ww          , Ww          , Ggf         , Ggf         , Ggf         , Ggf         , Ggf         
Gs          , Gs          , Gs          , Gs^Fp       , Gs          , Hh          , Hh          , Hh          , Hh          , Hh          , Hh          , Hh          , Hh          , Hh          , Gs          , Wo          , Gs          , Re          , Re          , Gs          , Gs          , Gs          , Gs          , Gs          , Gs          , Gs^Fp       , Gg^Ve       , Gs^Fp       , Gg          , Rd          , Ggf         , Gg          , Gg          , Re          , Ww          , Re          , Ww          , Ggf         , Ggf         , Gg^Ve       , Ggf         , Ggf         
Gs          , Gs^Fp       , Gs^Vht      , Gs^Fp       , Gs^Fp       , Hh          , Hh          , Hh          , Hh          , Mm          , Hh          , Hh          , Gs          , Gs          , Gs          , Wo          , Gs^Fp       , Gs          , Gs          , Re          , Re          , Gs          , Gs          , Gs^Fp       , Gs^Fp       , Gs^Fp       , Gg          , Gs^Fp       , Gg          , Rd          , Gg          , Ggf         , Wwf         , Ww          , Ww          , Ww          , Ww          , Ww          , Ggf         , Ggf         , Ggf         , Ww          
Gs          , Gs^Fp       , Gs^Fp       , Gs^Fp       , Gs^Fp       , Hh          , Hh          , Hh          , Hh          , Hh          , Hh          , Hh          , Gs          , Gs          , Gs          , Wo          , Gs^Fp       , Gs^Fp       , Gs^Fp       , Gs          , Re          , Gs          , Gs          , Gs^Fp       , Gs^Fp       , Gs^Fp       , Gg          , Gs^Fp       , Rd          , Rd          , Gs^Fp       , Wwf         , Ww          , Wwf         , Gs^Fp       , Re          , Re          , Wwf         , Ww          , Ggf         , Ggf         , Ww          
Gs          , Gs          , Gs          , Gs          , Gs^Fp       , Gs^Fp       , Hh          , Hh          , Hh          , Hh          , Hh          , Hh          , Gs^Fp       , Gs^Fp       , Gs^Fp       , Wo          , Gg          , Gs^Fp       , Gs^Fp       , Gs          , Re          , Gs          , Gs          , Gs^Fp       , Gs^Fp       , Gs^Fp       , Gs^Fp       , Gs^Fp       , Rd          , Gg          , Gs^Fp       , Ww          , Gs^Fp       , Gs^Fp       , Gs          , Gs          , Gs          , Re          , Re          , Ww          , Re          , Re          
Gs          , Gs          , Gs          , Gs          , Gs          , Gs^Fp       , Gs^Fp       , Gs^Fp       , Gs^Fp       , Gs^Fp       , Gs          , Gs          , Gs          , Gs          , Gs          , Wo          , Gs^Fp       , Gs^Fp       , Gs^Fp       , Gs          , Gs^Vht      , Re          , Gs          , Gs^Fp       , Gs^Fp       , Gs^Fp       , Gs^Fp       , Rd          , Gg          , Gg          , Ww          , Ww          , Gs^Vht      , Gs          , Gs          , Gs          , Gs          , Gs          , Re          , Re          , Re          , Gs^Fp       
Gs          , Gs          , Gs          , Gs          , Gs          , Gs^Fp       , Gg^Vc       , Gs^Fp       , Gs^Fp       , Gs^Fp       , Gs          , Gs          , Gs          , Gs          , Gs          , Wo          , Gs          , Gs          , Re          , Re          , Re          , Re          , Re          , Gs^Fp       , Re          , Gs^Fp       , Re          , Rd          , Ww          , Ww          , Gs^Vht      , Ww          , Gs          , Gs          , Gs          , Gs          , Gs          , Gs          , Gs          , Gs^Fp       , Gs^Fp       , Gs^Fp       
Gs          , Gs          , Gs          , Gs          , Gs          , Gs^Fp       , Gs^Fp       , Gs^Fp       , Gs^Fp       , Gs^Fp       , Gs          , Gs          , Gs          , Gs          , Wo          , Wo          , Re          , Re          , Gs          , Ss          , Hh^Fmf      , Hh          , Hh          , Re          , Gs^Fp       , Re          , Ww          , Rd          , Ww          , Ww          , Gs          , Gs          , Gs          , Gs          , Gs          , Gs          , Gs          , Gs          , Gs          , Gs          , Gs          , Gs          
Ss          , Ss          , Ss          , Ss          , Gs          , Gs          , Gs          , Gs          , Gs          , Gs          , Gs          , Gs          , Gs          , Gs          , Wo          , Wo          , Wo          , Gs          , Gs          , Hh          , Hh^Fmf      , Hh          , Hh          , Wo          , Wo          , Gg          , Ww          , Ww^Bw|      , Gs          , Gs          , Gs          , Gs          , Gs          , Gs          , Gs          , Gs          , Gs          , Gs          , Gs          , Gs          , Gs          , Gs          
Gs          , Gs          , Gs          , Gs          , Gs^Vht      , Gs          , Gs          , Gs          , Gs          , Gs          , Gs          , Gs          , Gs          , Gs          , Gs^Fp       , Wo          , Wo          , Wo          , Hh          , Hh          , Mm          , Mm          , Mm          , Wo          , Wo          , Gg          , Ww          , Re          , Re          , Gs^Fp       , Gs^Fp       , Gs          , Gs          , Gs          , Gs          , Gs          , Gs          , Gs          , Gs          , Gs          , Gs          , Gs          
Ds          , Ds          , Ds          , Gs          , Gs          , Gs          , Gs^Vht      , Gs          , Gs          , Gs          , Gs          , Gs          , Gs          , Gs^Fp       , Gs^Fp       , Gg^Ve       , Re          , Wo          , Hh          , Hh          , Mm          , Ww          , Ww          , Wo          , Wo          , Ww          , Gg          , Gs^Fp       , Re          , Gs^Fp       , Gs^Fp       , Gs^Vht      , Gs          , Gs          , Gs          , Gs          , Gs          , Gs          , Gs          , Gs          , Gs          , Gs          
Ds          , Ds          , Ds          , Gs          , Ds          , Gs          , Gs          , Gs          , Gs          , Gs          , Gs          , Gs          , Gs          , Gs^Fp       , Gs^Fp       , Gs^Fp       , Re          , Wo          , Hh          , Hh          , Mm          , Ww          , Ww          , Wo          , Wo          , Ww          , Ww          , Gs^Fp       , Gg          , Re          , Gs          , Gs^Fp       , Gs          , Gs          , Gs          , Gs          , Gs          , Gs          , Gs          , Gs          , Gs          , Gs          
Ww          , Ds          , Ds          , Gs^Fp       , Ds          , Gs          , Gs          , Gs^Fp       , Gs          , Gs          , Gs          , Gs          , Gs^Fp       , Gs^Fp       , Gs^Fp       , Gs^Fp       , Re          , Wo          , Wo          , Hh          , Hh          , Ww          , Ww          , Wo          , Ww          , Ww          , Gs^Fp       , Gs^Fp       , Gs^Fp       , Re          , Re          , Gs          , Gs          , Gs          , Gs          , Gs          , Gs          , Gs          , Gs^Vht      , Gs          , Gs          , Gs          
Ww          , Ds          , Ds          , Ds          , Gs^Fp       , Gs^Fp       , Gs          , Gs          , Gs^Fp       , Gs          , Gs          , Gs          , Gs^Fp       , Gg          , Re          , Re          , Hh          , Hh          , Ww          , Wo          , Wo          , Wo          , Wo          , Wo          , Ww          , Gg^Ve       , Gs^Fp       , Gs^Fp       , Gs^Fp       , Gs^Fp       , Re          , Gs          , Gs          , Gs          , Gs          , Gs          , Gs^Fp       , Gs          , Gs          , Gs          , Gs          , Gs          
Ds          , Ds          , Ds          , Ss          , Ss          , Gs^Fp       , Gs          , Gs          , Gs          , Gs          , Re          , Gs          , Re          , Re          , Hh          , Hh          , Hh          , Hh          , Hh          , Hh^Vhh      , Ww          , Ww          , Ww          , Wo          , Ww          , Gs^Fp       , Gg          , Gs^Fp       , Gs^Fp       , Gs^Fp       , Gs^Fp       , Re          , Gs          , Gs          , Gs          , Gs^Fp       , Gs^Fp       , Gs^Fp       , Gs          , Gs          , Gs          , Gs          
Ds          , Ds          , Ss          , Ss          , Gs^Fp       , Gs^Fp       , Gs          , Gs          , Re          , Re          , Gg          , Re          , Hh^Vhh      , Hh          , Hh          , Hh          , Hh          , Hh          , Hh          , Hh          , Hh          , Ww          , Wo          , Wo          , Gs^Fp       , Gs^Fp       , Gs^Fp       , Gg          , Gg          , Gs^Fp       , Gs^Fp       , Re          , Gs          , Gs          , Gs^Fp       , Gs^Fp       , Gs^Fp       , Gs          , Gs          , Gs          , Gs          , Gs          
Ds          , Ds          , Gs^Fp       , Gs^Fp       , Gs^Fp       , Gs^Fp       , Gs          , Gs          , Re          , Gg          , Hh          , Hh          , Hh          , Hh          , Hh          , Gs          , Gs          , Gs          , Hh          , Ds          , Ds          , Ds          , Wo          , Wo          , Gs^Fp       , Gs^Fp       , Gs^Fp       , Gg          , Gg          , Gs^Fp       , Gs^Fp       , Re          , Gs          , Gs          , Gs^Fp       , Gs^Fp       , Gs^Fp       , Gs          , Gs          , Gs          , Gs          , Gs          
Ds          , Ds          , Gs^Fp       , Gg^Ve       , Gs^Fp       , Gs^Fp       , Gs          , Gs          , Re          , Hh          , Hh          , Hh          , Hh          , Gs          , Gs          , Gs          , Gs          , Gs          , Gs          , Gs          , Gs          , Ds          , Wo          , Ww          , Gs          , Gs^Fp       , Gg          , Gg          , Gg          , Gs^Fp       , Gs          , Re          , Re          , Gs^Fp       , Gg^Ve       , Gs^Fp       , Gs^Fp       , Gs^Fp       , Gs^Fp       , Gs          , Gs          , Gs          
Ds          , Ds          , Gs^Fp       , Gs^Fp       , Gs          , Gs          , Gs          , Gs          , Ss          , Hh^Fmf      , Hh          , Hh          , Gs          , Gs          , Gs          , Gs          , Gs          , Gs          , Gs          , Gs          , Gs          , Ww          , Wo          , Gs          , Gs          , Gs^Fp       , Gg          , Gg          , Gs^Fp       , Gs^Fp       , Gs          , Gs          , Re          , Gs^Fp       , Gg          , Gg          , Gg          , Gg          , Gs^Fp       , Gs          , Gs          , Gs          
Ds          , Ds          , Gs          , Gs          , Gs          , Gs          , Gs          , Gs          , Re          , Hh          , Hh          , Hh          , Gs          , Gs          , Gs          , Gs          , Gs          , Gs          , Gs          , Gs          , Gs          , Ww          , Wo          , Gs          , Gs^Fp       , Gg^Ve       , Gs^Fp       , Gs^Fp       , Gs^Fp       , Gs          , Gs          , Gs          , Gs          , Re          , Re          , Gg          , Gg          , Gg^Vh       , Gs^Fp       , Gs          , Ss          , Ss          
Gs          , Gs          , Gs          , Ss          , Gs          , Gs          , Gs          , Gs          , Re          , Gg^Vh       , Hh          , Gs          , Gs          , Gs          , Gs          , Gs          , Gs          , Gs          , Gs          , Gs          , Gs          , Ww          , Ww          , Wo          , Wo          , Gs^Fp       , Gs          , Gs          , Gs          , Gs          , Gs          , Gs          , Gs          , Gs^Fp       , Gg          , Re          , Gg          , Gg          , Gs^Fp       , Gs          , Ss          , Ss          
Gs          , Ss          , Ss          , Ch          , Ch          , Ch          , Ch          , Re          , Gg          , Gg          , Hh          , Gs          , Gs          , Gs          , Gs^Vht      , Gs          , Gs          , Gs          , Gs          , Gs          , Gs          , Gs          , Gs^Fp       , Ww          , Ww          , Wo          , Ww          , Gs          , Gs          , Gs          , Gs          , Ss          , Ss          , Gs^Fp       , Gs^Fdw      , Gs^Fdw      , Gs^Fdw      , Gs^Fdw      , Gg          , Gs^Fp       , Gs          , Gs          
Gs          , Gs          , Ss          , Ch          , Ch          , 4 Kh        , Ch          , Gs^Fp       , Gs^Fp       , Gs^Fp       , Hh          , Hh          , Gs          , Gs          , Gs          , Gs          , Gs          , Gs          , Gs          , Gs          , Gs          , Gs          , Ce          , Gs^Fp       , Gs^Fp       , Wo          , Wo          , Ww          , Ww          , Ss          , Gs          , Ss          , Ss          , Ss          , Gs^Fds      , Gs^Fdw      , Gs^Fds      , Gs^Fdw      , Gs^Fp       , Gs^Fp       , Gs          , Gs          
Gs          , Gs          , Gs          , Ch          , Ch          , Ch          , Gs          , Gs^Fp       , Gs^Fp       , Gs^Fp       , Hh          , Hh          , Gs          , Gs          , Gs          , Gs          , Gs          , Gs          , Gs          , Gs          , Gs          , Ce          , Gs^Fp       , Gg^Ve       , Gs^Fp       , Gs          , Cud         , Wo          , Ww          , Ss          , Ss          , Ss          , Ss          , Gs^Fmf      , Gs^Fds      , Gs^Fds      , Gs^Fds      , Gs^Fds      , Gs          , Gs          , Gs          , Gs          
Gs          , Gs          , Gs          , Gs          , Gs          , Gs          , Gs          , Gs          , Gs^Fp       , Gg^Ve       , Gs^Fp       , Hh          , Hh          , Gs          , Gs          , Gs          , Gs          , Gs          , Gs          , Gs          , Gs          , Ce          , 1 Ke        , Gs^Fp       , Ce          , Ce          , Cud         , Wo          , Wo          , Ww          , Ww          , Ss          , Ss          , Ss          , Gs^Fp       , Gs^Fp       , Gs^Fp       , Gs^Fp       , Gs^Fp       , Gs          , Gs          , Gs          
Gs          , Gs          , Gs          , Gs          , Gs          , Gs          , Gs          , Gs          , Gs          , Gs^Fp       , Gs          , Hh          , Hh          , Gs          , Gs          , Gs          , Gs          , Gs          , Gs          , Gs          , Gs          , Gs^Fp       , Gs^Fp       , Ce          , Gs          , Gs          , Gs          , Cud         , Cud         , Wo          , Wo          , Ww          , Ww          , Gs^Fmf      , Xu          , Gg^Ve       , Gs^Fp       , Gg^Ve       , Gs^Fp       , Gs          , Gs^Fp       , Gs^Fp       
Gs          , Gs          , Gs          , Gs          , Gs          , Gs          , Ds          , Gs          , Gs          , Gs          , Gs          , Gs          , Hh^Fmf      , Hh^Fmf      , Hh          , Gs          , Gs          , Gs          , Gs          , Gs          , Gs          , Gs          , Gs^Vht      , Gs          , Gs          , Gs          , Gs          , Ds          , 2 Kud       , Xu          , Xu          , Wo          , Wo          , Ww          , Ww          , Xu          , Gs          , Gs          , Gs          , Gs          , Gs^Fp       , Gs          
Gs          , Gs          , Gs          , Gs          , Gs^Fp       , Gs^Fp       , Ds          , Ds          , Gs          , Gs          , Gs          , Gs          , Hh^Fmf      , Hh^Fmf      , Hh          , Hh          , Gs          , Gs          , Gs          , Gs          , Gs          , Gs          , Gs          , Gs          , Xu          , Xu          , Xu          , Xu          , Xu          , Xu          , Xu          , Xu          , Xu          , Wo          , Wo          , Xu          , Xu          , Xu          , Xu          , Gs          , Gs          , Gs          
