border_size=1
usage=map

Gs^Fmw      , Gs^Fmw      , Gs^Fmw      , Gs^Fmw      , Ggf         , Ggf         , Ggf         , Gs^Fp       , Gs^Fp       , Gs^Fp       , Gs^Fp       , Gs^Fp       , Gs^Fp       , Gs^Fp       , Mm^Xm       , Hh^Fmw      , Hh^Fmw      , Gg          , Gg          , Gg          , Gg          , Gg          , Gg          , Gg          , Gg          , Gg          , Ww          , Wo          , Ww          , Ss          , Ss          , Ss          , Ss          , Ss          , Ss          , Ss          , Ss          , Ss          , Rp          , Re          , Re          , Gg          , Gg          , Gg          , Gg          , Gg          , Gg          , Gg          , Gg          , Gg          
Gs^Fmw      , Gs^Fmw      , Gs^Fmw      , Gs^Fmw      , Ggf         , Rp^Vhc      , Ggf         , Ggf         , Gs^Fp       , Gs^Fp       , Gs^Fp       , Gs^Fp       , Gs^Fp       , Gs^Fp       , Mm^Xm       , Hh^Fmw      , Hh^Fmw      , Gg          , Gg          , Gg          , Gg          , Gg          , Gg          , Gg          , Gg          , Gg          , Ww          , Wo          , Ww^Vm       , Ww          , Ss          , Ss          , Ss          , Ss          , Ss^Vhs      , Ss          , Gg          , Gg          , Rp          , Gg          , Gg          , Re          , Re          , Gg          , Gg          , Gg          , Ce          , Gg          , Gg          , Gg          
Gs^Fmw      , Gs^Fmw      , Gs^Fmw      , Ggf         , Ggf         , Ggf         , Ggf         , Ggf         , Gs^Fp       , Gs^Fp       , Gs^Fp       , Gs^Fp       , Gs^Fp       , Gs^Fp       , Mm^Xm       , Hh^Fmw      , Hh^Fmw      , Gg          , Gg          , Gg          , Gg^Vh       , Gg          , Gg          , Gg          , Gg          , Gg          , Ww          , Wo          , Ww          , Ww          , Ss          , Ss^Vhs      , Ss          , Ss          , Ss          , Ss          , Gg          , Gg          , Rp          , Gg          , Gg          , Gg          , Gg          , Re          , Re          , Ce          , Re^Vct      , 1 Ke        , Gg          , Gg          
Gs^Fmw      , Gs^Fmw      , Gs^Fmw      , Ggf         , 6 Khr       , Ggf         , Gs^Fp       , Gs^Fp       , Gs^Fp       , Gs^Fp       , Gs^Fp       , Hh^Vc       , Hh^Fp       , Mm^Xm       , Hh^Fmw      , Hh^Fmw      , Hh^Fmw      , Gg          , Gg          , Gg          , Gg          , Gg          , Gg          , Gg          , Gg          , Gg          , Ww          , Wo          , Ww          , Ss^Vm       , Ss          , Ss          , Chs         , Ss          , Ss          , Ss          , Gg          , Gg          , Rp          , Gg          , Gg          , Gg          , Gg          , Gg          , Gg          , Ce          , Ce          , Ce          , Gg          , Gg          
Gs^Fmw      , Gs^Fmw      , Gs^Fmw      , Chr         , Chr         , Chr         , Gs^Fp       , Gs^Fp       , Gs^Fp       , Gs^Fp       , Hh^Fp       , Hh^Fp       , Mm^Xm       , Mm^Xm       , Hh^Fmw      , Hh^Fmw      , Hh^Fmw      , Gg          , Gg          , Gg          , Gg          , Gg          , Gg          , Gg          , Gg          , Ww          , Ww          , Wo          , Ww          , Ss          , Ss          , Chs         , 3 Khs       , Chs         , Ss          , Gg          , Gg          , Gg          , Rp          , Gg          , Gg          , Gg          , Gg          , Gg          , Gg          , Gg          , Gg          , Gg          , Gg          , Gg          
Gs^Fmw      , Gs^Fmw      , Gs^Fmw      , Gs^Fmw      , Chr         , Gs^Fp       , Gs^Fp       , Gs^Fp       , Hh^Fp       , Hh^Fp       , Mm^Xm       , Mm^Xm       , Mm^Xm       , Ww          , Hh^Fmw      , Hh^Fmw      , Ww          , Gg          , Gg          , Gg          , Gg          , Gg          , Gg          , Gg          , Gg^Vh       , Gg          , Ww          , Wo          , Ww          , Ss          , Ss          , Chs         , Chs         , Chs         , Ss          , Gg          , Gg          , Gg          , Rp          , Gg          , Gg          , Gg          , Gg          , Gg          , Gg^Vh       , Gg          , Gg          , Gg          , Gg          , Gg          
Gs^Fmw      , Gs^Fmw      , Gs^Fmw      , Gs^Fmw      , Chr         , Gs^Fp       , Gs^Fp       , Gs^Fp       , Hh^Fmf      , Mm^Xm       , Mm^Xm       , Mm^Xm       , Hh^Fmw      , Hh^Fmw      , Gg          , Gg          , Gg          , Ww          , Ww          , Gg          , Gg          , Gg          , Gg          , Gg          , Ww          , Ww          , Ww          , Wo          , Wo          , Ww          , Ss          , Ss          , Ss          , Ss          , Gg          , Gg          , Gg          , Gg          , Rp          , Gg          , Gg          , Gg          , Gg          , Gg          , Re^Gvs      , Re^Gvs      , Re^Gvs      , Gg          , Gg          , Gg          
Rp          , Gs^Fmw      , Gs^Fmw      , Gs^Fmw      , Chr         , Gs^Fp       , Hh^Fmf      , Hh^Fmf      , Mm^Xm       , Mm^Xm       , Hh^Fmw      , Hh^Fmw      , Gg          , Gg          , Gg          , Gg          , Gg          , Gg          , Gg          , Ww          , Ww          , Gg          , Ww          , Ww          , Gg          , Gg          , Gg          , Ww          , Ww          , Wo          , Ww          , Ss          , Gg          , Gg          , Gg          , Gg          , Gg          , Gg          , Rp          , Gg          , Gg          , Gg          , Gg          , Gg          , Re^Gvs      , Re^Gvs      , Re^Gvs      , Gg          , Gg          , Gg          
Hh^Fp       , Rp          , Rp          , Gs^Fmw      , Rp          , Gs^Fp       , Hh^Fmf      , Mm^Xm       , Hh^Fmw      , Hh^Fmw      , Gg          , Gg          , Gg          , Gg          , Gg          , Gg          , Gg          , Gg^Vh       , Gg          , Gg          , Gg          , Ww          , Gg          , Gg          , Gg          , Gg          , Gg          , Gg          , Ww          , Wo          , Ww          , Ss          , Gg          , Gg          , Gg          , Gg          , Gg          , Gg          , Rp          , Gg          , Gg          , Gg          , Gg          , Gg          , Gg          , Gg^Wm       , Gg          , Gg          , Gg          , Gg          
Hh^Fp       , Hh^Fp       , Hh^Fp       , Rp          , Chr         , Rp          , Rp          , Hh^Fmf      , Gg          , Gg          , Gg          , Gg          , Gg          , Gg          , Gg          , Gg          , Gg          , Gg          , Gg          , Gg          , Gg          , Gg          , Gg          , Gg          , Gg          , Gg          , Gg          , Gg          , Ww          , Wo          , Ww          , Ss^Vhs      , Gg          , Gg          , Gg          , Gg          , Gg          , Gg          , Rp          , Gg          , Gg          , Gg          , Gg          , Gg          , Gg          , Gg          , Gg          , Gg          , Gg          , Gg          
Hh^Fp       , Hh^Fp       , Hh^Fp       , Hh^Fp       , 5 Khr       , Hh^Fms      , Hh^Fms      , Rp          , Rp          , Gg          , Gg          , Gg          , Gg          , Gg          , Gg          , Gg          , Gg          , Gg          , Gg          , Gg          , Gg          , Gg          , Gg          , Gg          , Gg          , Gg          , Gg          , Gg          , Ww          , Wo          , Ww          , Ww          , Gg          , Gg          , Gg          , Gg          , Gg          , Gg          , Rp          , Gg          , Gg          , Gg          , Gg          , Gg          , Rp^Vhc      , 2 Gg        , Gg          , Gg          , Re^Gvs      , Re^Gvs      
Hh^Fp       , Hh^Fp       , Hh^Fp       , Hh^Fp       , Chr         , Hh^Fms      , Hh^Vc       , Gg          , Gg          , Rp          , Rp          , Gg          , Gg          , Gg          , Gg          , Gg          , Gg          , Gg          , Gg          , Gg          , Gg          , Gg          , Gg          , Gg^Vh       , Gg          , Gg          , Gg          , Gg          , Ww          , Wo          , Ww          , Ww          , Gg          , Gg          , Gg          , Gg          , Gg          , Gg          , Rp          , Rp          , Gg          , Gg          , Gg          , Gg          , Gg          , Gg          , Re^Gvs      , Re^Gvs      , Gg          , Gg          
Hh^Fp       , Hh^Fp       , Hh^Fp       , Hh^Fp       , Mm^Xm       , Hh^Fms      , Hh^Fms      , Hh^Fp       , Gg          , Rd          , Gg          , Rp          , Rp          , Gg          , Gg          , Gg          , Gg          , Gg          , Gg          , Gg          , Gg          , Gg          , Gg          , Gg          , Gg          , Gg          , Gg          , Gg          , Ww          , Wo          , Ww^Vm       , Ww^Bw/      , Gg          , Gg          , Gg          , Gg          , Gg          , Gg          , Gg          , Rp          , Rp          , Gg          , Gg          , Gg          , Re^Gvs      , Re^Gvs      , Gg          , Gg          , Re^Gvs      , Re^Gvs      
Hh^Fp       , Hh^Fp       , Hh^Fp       , Mm^Xm       , Mm^Xm       , Mm^Xm       , Hh^Fms      , Gg          , Gg          , Rd          , Gg          , Gs          , Gg          , Rp          , Rp          , Gg          , Gg          , Gg          , Gg          , Gg          , Gg          , Gg          , Gg          , Gg          , Gg          , Gg          , Gg          , Gg          , Ww          , Wo          , Ww          , Ww          , Gg          , Gg          , Gg          , Gg          , Gg          , Gg          , Gg          , Gg          , Gg          , Rp          , Rp          , Re^Gvs      , Gg          , Gg          , Re^Gvs      , Re^Gvs      , Gg          , Gg          
Hh^Fp       , Hh^Fp       , Hh^Fp       , Mm^Xm       , Mm^Xm       , Mm^Xm       , Hh^Fms      , Gg          , Rd          , Gg          , Gg          , Gg          , Gg          , Gg          , Gg          , Rp          , Rp          , Gg          , Gg          , Gg          , Gg          , Gg          , Gg          , Gg          , Gg          , Gg          , Gg          , Gg          , Gg          , Wo          , Ww          , Ww          , Gg          , Gg          , Gg          , Gg          , Gg          , Gg          , Gg          , Gg          , Gg          , Rp          , Rp          , Gg^Vh       , Re^Gvs      , Re^Gvs      , Gg          , Gg          , Gg          , Gg          
Hh^Fp       , Hh^Fp       , Hh^Fp       , Mm^Xm       , Mm^Xm       , Mm^Xm       , Hh^Fms      , Gg          , Gg          , Gg          , Gg          , Gg          , Gg          , Gg          , Gg          , Gg          , Gg          , Rp          , Rp          , Gg          , Gg          , Gg          , Gg          , Gg          , Gg          , Gg          , Gg          , Gg          , Gg          , Wo          , Wo          , Ww          , Ss^Vhs      , Gg          , Gg          , Gg          , Gg          , Gg          , Gg          , Gg          , Gg          , Gg          , Gg          , Rp          , Rp          , Gg          , Gg          , Gg          , Gg          , Gg          
Ms          , Ms          , Ms^Vhha     , Mm^Xm       , Mm^Xm       , Mm^Xm       , Hh^Fms      , Hh^Fms      , Gg          , Gg          , Gg          , Gg          , Gg          , Gg          , Gg          , Gg          , Gg          , Gg          , Gg          , Rp          , Rp          , Gg          , Gg          , Gg          , Gg          , Gg          , Gg          , Gg          , Gg          , Gg          , Wo          , Ww          , Ww          , Gg          , Gg          , Gg          , Gg          , Gg          , Gg          , Gg          , Gg          , Gg          , Gg          , Gg          , Gg          , Rp          , Gg          , Gg          , Gg          , Gg          
Ms          , Hh^Fp       , Ha^Fma      , Mm^Xm       , Mm^Xm       , Mm^Xm       , Gg^Fet      , Hh^Fms      , Rd          , Gg          , Gg          , Gg          , Gg          , Gg          , Gg          , Gg          , Gg          , Gg          , Gg          , Gg          , Gg          , Rp          , Rp          , Gg          , Gg          , Gg          , Gg          , Gg          , Gg          , Gg          , Ww          , Wo          , Ww          , Ss          , Gg          , Gg          , Gg          , Gg          , Gg          , Gg          , Gg          , Gg          , Gg          , Gg          , Gg          , Rp          , Rp          , Gg          , Gg          , Gg          
Ms          , Hh^Fp       , Hh^Fp       , Ha^Fma      , Mm^Xm       , Mm^Xm       , Rd          , Rd          , Gg          , Gg          , Gg          , Gg          , Gg          , Gg          , Gg          , Gg          , Gg          , Gg          , Gg          , Gg          , Gg          , Gg          , Gg          , Rp          , Rp          , Gg          , Gg          , Gg          , Gg          , Gg          , Gg          , Wo          , Wo          , Ww          , Gg          , Gg          , Gg          , Gg          , Gg          , Gg          , Gg          , Gg          , Gg          , Gg          , Gg          , Gg          , Rp          , Rp          , Gg          , Gg          
Hh^Fp       , Hh          , Hh          , Mm^Xm       , Mm^Xm       , Mm^Xm       , Rd          , Gg          , Gg          , Gg          , Gg          , Gg          , Gg          , Gg          , Gg          , Gg          , Gg          , Gg          , Gg          , Gg          , Gg          , Gg          , Gg          , Gg          , Gg          , Rp          , Rp          , Gg          , Gg          , Gg          , Gg          , Ww          , Wo          , Ww          , Gg          , Gg          , Gg          , Gg          , Gg          , Gg          , Gg          , Gg          , Gg          , Gg          , Rp          , Rp          , Gg          , Gg          , Gg          , Gg          
Hh^Fp       , Hh^Fp       , Hh^Fp       , Mm^Xm       , Mm^Xm       , Mm^Xm       , Gg          , Gg          , Gg          , Gg          , Gg          , Gg          , Gg          , Gg          , Gg          , Gg          , Gg          , Gg          , Gg          , Gg          , Gg          , Gg          , Gg          , Gg          , Gg          , Gg          , Gg          , Rp          , Rp          , Gg          , Gg          , Ww          , Wo          , Ww          , Ww          , Gg          , Gg          , Gg          , Gg          , Gg          , Gg          , Gg          , Rp          , Rp          , Gg          , Gg          , Gg          , Gg          , Gg          , Gg          
Hh^Fp       , Hh^Fp       , Hh^Fp       , Mm^Xm       , Mm^Xm       , Mm^Xm       , Mm^Xm       , Rd          , Gg          , Gg          , Gg          , Gg          , Gg          , Gg          , Gg          , Gg^Vh       , Gg          , Gg          , Gg          , Gg          , Gg          , Gg          , Gg          , Gg          , Gg          , Gg          , Ss          , Ss          , Rp          , Ss          , Ss          , Ww          , Wo          , Wo          , Ww          , Gg          , Gg          , Gg          , Gg          , Gg          , Rp          , Rp          , Rp          , Gg          , Gg          , Gg          , Gg          , Gg          , Gg          , Gg          
Hh^Fp       , Hh^Fp       , Hh^Fp       , Mm^Xm       , Mm^Xm       , Mm^Xm       , Mm^Xm       , Gg          , Gg          , Gg          , Gg          , Gg          , Gg          , Gg          , Gg          , Gg          , Gg          , Gg          , Gg          , Gg          , Gg          , Gg          , Gg          , Gg          , Ss          , Ss          , Ww          , Ss          , Ss^Bw|      , Ss          , Ss          , Ww          , Wo          , Wo          , Ww          , Gg          , Gg          , Gg          , Rp          , Rp          , Gg          , Rp          , Gg          , Gg          , Gg          , Gg          , Gg          , Gg          , Gg          , Gg          
Hh^Fp       , Hh^Fp       , Mm^Xm       , Mm^Xm       , Mm^Xm       , Mm^Xm       , Gg          , Rd          , Gg          , Gg          , Gg          , Gg          , Gg          , Gg          , Gg          , Gg          , Gg          , Gg          , Gg          , Gg          , Gg          , Gg          , Ss          , Ss          , Ww          , Ww          , Ss          , Ss          , Rp          , Ss          , Rp          , Ww          , Wo          , Ww          , Rp          , Gg          , Rp          , Rp          , Gg          , Gg          , Gg          , Gg          , Gg          , Gg          , Gg          , Gg          , Gg          , Gg          , Gg          , Gg          
Hh^Fp       , Hh^Fp       , Mm^Xm       , Mm^Xm       , Mm^Xm       , Mm^Xm       , Gg          , Rd          , Gg          , Gg          , Gg          , Gg          , Gg          , Gg          , Gg          , Gg          , Gg          , Gg          , Gg          , Gg          , Gg          , Gg          , Ww          , Ww          , Ss          , Ss          , Ss          , Ss          , Rp          , Rp          , Ww          , Ss^Bw\      , Chw         , Ww^Bw/      , Ww          , Rp          , Gg          , Rp          , Gg          , Gg          , Gg          , Gg          , Gg          , Gg          , Gg          , Gg          , Gg          , Gg          , Gg          , Gg          
Hh^Fp       , Hh^Fp       , Mm^Xm       , Mm^Xm       , Mm^Xm       , Gg          , Gg          , Gg^Vh       , Gg          , Gg          , Gg          , Gg          , Gg          , Gg          , Gg          , Gg          , Gg          , Gg          , Gg          , Gg          , Gg          , Ww          , Ww          , Ss          , Ss          , Ss          , Rp          , Rp          , Gg^Vc       , Gg          , Gg          , Ww          , Ww^Bw|      , Ww          , Ww          , Ww          , Gg          , Gg          , Gg          , Gg          , Gg          , Gg          , Gg          , Gg          , Gg          , Rp^Vhc      , Gg          , Gg          , Gg          , Gg          
Hh^Fp       , Hh^Fp       , Mm^Xm       , Mm^Xm       , Mm^Xm       , Mm^Xm       , Gg          , Gg          , Gg          , Gg          , Gg          , Gg          , Gg          , Gg          , Gg          , Gg          , Gg          , Gg          , Gg          , Gg          , Gg          , Gg          , Gg          , Ww          , Wwf         , Rp          , Gg          , Gg          , Gg          , Gg          , Gg          , Gg          , Chr         , Gg          , Gg          , Ww          , Gg          , Gg          , Gg          , Gg          , Gg          , Gg          , Gg          , Gg          , Gg          , Gg          , Gg          , Gg          , Gg          , Gg          
Hh^Fp       , Hh^Fp       , Mm^Xm       , Mm^Xm       , Mm^Xm       , Mm^Xm       , Gg          , Gg          , Gg          , Gg          , Gg          , Gg          , Gg          , Gg          , Gg          , Gg          , Gg          , Gg          , Gg          , Gg          , Gg          , Gg          , Rp          , Rp          , Ww          , Ss          , Gg          , Gg          , Gg          , Gg          , Gg          , Chr         , 4 Khr       , Chr         , Gg          , Ww          , Ww          , Gg          , Gg          , Gg          , Gg          , Gg          , Gg          , Gg          , Gg          , Gg          , Gg          , Gg          , Gg          , Gg          
Hh^Fp       , Hh^Fp       , Mm^Xm       , Mm^Xm       , Mm^Xm       , Gg          , Gg          , Gg          , Gg          , Gg          , Gg          , Gg          , Gg          , Gg          , Gg          , Gg          , Gg          , Gg          , Gg          , Gg          , Rp          , Rp          , Gg          , Gg          , Ww          , Ss          , Gg          , Gg          , Gg^Vc       , Gg          , Gg          , Chr         , Chr         , Chr         , Gg          , Gg          , Gg          , Ww          , Ww          , Gg          , Gg          , Gg          , Gg          , Gg          , Gg          , Gg          , Gg          , Gg          , Gg          , Gg          
Hh^Fp       , Hh^Fp       , Hh^Fp       , Mm^Xm       , Mm^Xm       , Mm^Xm       , Gg          , Gg          , Gg          , Gg          , Gg          , Gg          , Gg          , Gg          , Gg          , Gg          , Gg          , Ggf         , Rp          , Rp          , Gg          , Gg          , Gg          , Gg          , Ww          , Ss          , Gg          , Gg          , Gg          , Gg          , Gg          , Gg          , Gg          , Gg          , Gg          , Gg^Vc       , Gg          , Gg          , Gg          , Ww          , Ww          , Gg          , Gg          , Gg          , Gg          , Gg          , Gg          , Gg          , Gg          , Gg          
Hh^Fp       , Hh^Fp       , Hh^Fp       , Mm^Xm       , Mm^Xm       , Mm^Xm       , Gg          , Gg          , Gg          , Gg          , Gg^Vh       , Gg          , Gg          , Gg          , Gg          , Gg          , Rp          , Rp          , Gg          , Gg          , Gg          , Gg          , Gg          , Gg          , Ww          , Ss          , Gg          , Gg          , Gg          , Gg          , Gg          , Gg          , Gg          , Gg          , Gg          , Gg          , Gg          , Gg          , Gg          , Gg          , Gg          , Ww          , Ww          , Gg          , Gg          , Gg          , Gg          , Gg^Vc       , Gg          , Gg          
Hh^Fp       , Hh^Fp       , Hh^Fp       , Mm^Xm       , Mm^Xm       , Mm^Xm       , Gg          , Gg          , Gg          , Gg          , Gg          , Gg          , Gg          , Gg          , Rp          , Rp          , Gg          , Gg          , Gg          , Gg^Vc       , Gg          , Gg          , Gg          , Ww          , Ss          , Ss          , Gg          , Gg          , Gg          , Gg          , Gg^Vc       , Gg          , Gg          , Gg          , Gg          , Gg          , Gg          , Gg          , Gg^Vc       , Gg          , Gg          , Ww          , Ww          , Gg          , Gg          , Gg          , Gg          , Gg          , Gg          , Gg          
Hh^Fp       , Hh^Fp       , Hh^Fp       , Mm^Xm       , Mm^Xm       , Mm^Xm       , Gg          , Gg          , Gg          , Gg          , Gg          , Gg          , Rp          , Rp          , Gg          , Gg          , Gg          , Gg          , Gg          , Gg          , Gg          , Gg          , Ww          , Ww          , Ss          , Ss          , Ss          , Gg          , Gg          , Gg          , Gg          , Gg          , Gg          , Gg          , Gg          , Gg          , Gg          , Gg          , Gg          , Gg          , Ww^Bw\      , Ww          , Ww          , Ww          , Gg          , Gg          , Gg          , Gg          , Gg          , Gg          
Hh^Fp       , Hh^Fp       , Hh^Fp       , Mm^Xm       , Mm^Xm       , Mm^Xm       , Gg          , Gg          , Gg          , Gg          , Gg          , Rp          , Gg          , Gg          , Gg          , Gg          , Gg          , Gg          , Gg          , Gg          , Gg          , Gg          , Ww          , Ww          , Ww          , Ww          , Ww          , Ww          , Ww          , Ww          , Ww          , Ww          , Ww          , Ww          , Ww          , Ww          , Ww          , Ww          , Ww          , Ww          , Gg          , Gg          , Gg          , Ww          , Gg          , Gg          , Gg          , Gg          , Gg          , Gg          
